2026-04-07 17:10:40 | orchestrator | INFO | Starting orchestrator in polling mode...
2026-04-07 17:10:40 | orchestrator | INFO | Processing alert | technique=UNKNOWN | host=DC01.lab.local | user=DC01$
2026-04-07 17:10:40 | orchestrator | INFO | Processing alert | technique=UNKNOWN | host=DC01.lab.local | user=DC01$
2026-04-07 17:10:40 | orchestrator | INFO | Processing alert | technique=UNKNOWN | host=DC01.lab.local | user=DC01$
2026-04-07 17:10:40 | orchestrator | INFO | Processing alert | technique=UNKNOWN | host=DC01.lab.local | user=
2026-04-07 17:10:40 | orchestrator | INFO | Processing alert | technique=UNKNOWN | host=DC01.lab.local | user=DC01$
2026-04-07 17:10:40 | orchestrator | INFO | Processing alert | technique=UNKNOWN | host=DC01.lab.local | user=DC01$
2026-04-07 17:10:40 | orchestrator | INFO | Processing alert | technique=UNKNOWN | host=DC01.lab.local | user=DC01$
2026-04-07 17:10:40 | orchestrator | INFO | Processing alert | technique=UNKNOWN | host=DC01.lab.local | user=DC01$
2026-04-07 17:10:40 | orchestrator | INFO | Processing alert | technique=UNKNOWN | host=DC01.lab.local | user=
2026-04-07 17:10:40 | orchestrator | INFO | Processing alert | technique=UNKNOWN | host=DC01.lab.local | user=
2026-04-07 17:10:40 | orchestrator | INFO | Processing alert | technique=UNKNOWN | host=DC01.lab.local | user=DC01$
2026-04-07 17:10:40 | orchestrator | INFO | Processing alert | technique=UNKNOWN | host=DC01.lab.local | user=DC01$
2026-04-07 17:10:40 | orchestrator | INFO | Processing alert | technique=UNKNOWN | host=DC01.lab.local | user=DC01$
2026-04-07 17:10:40 | orchestrator | INFO | Processing alert | technique=UNKNOWN | host=DC01.lab.local | user=DC01$
2026-04-07 17:10:40 | orchestrator | INFO | Processing alert | technique=UNKNOWN | host=DC01.lab.local | user=DC01$
2026-04-07 17:10:40 | orchestrator | INFO | Processing alert | technique=UNKNOWN | host=DC01.lab.local | user=DC01$
2026-04-07 17:10:40 | orchestrator | INFO | Processing alert | technique=UNKNOWN | host=DC01.lab.local | user=DC01$
2026-04-07 17:10:40 | orchestrator | INFO | Processing alert | technique=UNKNOWN | host=DC01.lab.local | user=DC01$
2026-04-07 17:10:40 | orchestrator | INFO | Processing alert | technique=UNKNOWN | host=DC01.lab.local | user=DC01$
2026-04-07 17:10:40 | orchestrator | INFO | Processing alert | technique=UNKNOWN | host=DC01.lab.local | user=DC01$
2026-04-07 17:10:40 | orchestrator | INFO | Processing alert | technique=UNKNOWN | host=DC01.lab.local | user=DC01$
2026-04-07 17:10:40 | orchestrator | INFO | Processing alert | technique=UNKNOWN | host=DC01.lab.local | user=DC01$
2026-04-07 17:10:40 | orchestrator | INFO | Processing alert | technique=UNKNOWN | host=DC01.lab.local | user=DC01$
2026-04-07 17:10:40 | orchestrator | INFO | Processing alert | technique=UNKNOWN | host=DC01.lab.local | user=DC01$
2026-04-07 17:10:40 | orchestrator | INFO | Processing alert | technique=UNKNOWN | host=DC01.lab.local | user=DC01$
2026-04-07 17:10:40 | orchestrator | INFO | Processing alert | technique=UNKNOWN | host=DC01.lab.local | user=DC01$
2026-04-07 17:10:40 | orchestrator | INFO | Processing alert | technique=UNKNOWN | host=DC01.lab.local | user=DC01$
2026-04-07 17:10:40 | orchestrator | INFO | Processing alert | technique=UNKNOWN | host=DC01.lab.local | user=DC01$
2026-04-07 17:10:40 | orchestrator | INFO | Processing alert | technique=UNKNOWN | host=DC01.lab.local | user=DC01$
2026-04-07 17:10:40 | orchestrator | INFO | Processing alert | technique=UNKNOWN | host=DC01.lab.local | user=DC01$
2026-04-07 17:10:40 | orchestrator | INFO | Processing alert | technique=UNKNOWN | host=DC01.lab.local | user=DC01$
2026-04-07 17:10:40 | orchestrator | INFO | Processing alert | technique=UNKNOWN | host=DC01.lab.local | user=DC01$
2026-04-07 17:10:40 | orchestrator | INFO | Processing alert | technique=UNKNOWN | host=DC01.lab.local | user=
2026-04-07 17:10:40 | orchestrator | INFO | Processing alert | technique=UNKNOWN | host=DC01.lab.local | user=
2026-04-07 17:25:08 | orchestrator | INFO | Starting orchestrator in polling mode...
2026-04-07 17:25:08 | orchestrator | INFO | Processing alert | technique=UNKNOWN | host=DC01.lab.local | user=DC01$
2026-04-07 17:25:08 | orchestrator | INFO | Processing alert | technique=UNKNOWN | host=DC01.lab.local | user=DC01$
2026-04-07 17:25:08 | orchestrator | INFO | Processing alert | technique=UNKNOWN | host=DC01.lab.local | user=DC01$
2026-04-07 17:25:08 | orchestrator | INFO | Processing alert | technique=UNKNOWN | host=DC01.lab.local | user=DC01$
2026-04-07 17:25:08 | orchestrator | INFO | Processing alert | technique=UNKNOWN | host=DC01.lab.local | user=DC01$
2026-04-07 17:25:08 | orchestrator | INFO | Processing alert | technique=UNKNOWN | host=DC01.lab.local | user=DC01$
2026-04-07 17:25:08 | orchestrator | INFO | Processing alert | technique=UNKNOWN | host=DC01.lab.local | user=DC01$
2026-04-07 17:25:08 | orchestrator | INFO | Processing alert | technique=UNKNOWN | host=DC01.lab.local | user=DC01$
2026-04-07 17:25:08 | orchestrator | INFO | Processing alert | technique=UNKNOWN | host=DC01.lab.local | user=DC01$
2026-04-07 17:25:08 | orchestrator | INFO | Processing alert | technique=UNKNOWN | host=DC01.lab.local | user=DC01$
2026-04-07 17:25:08 | orchestrator | INFO | Processing alert | technique=UNKNOWN | host=DC01.lab.local | user=DC01$
2026-04-07 17:25:08 | orchestrator | INFO | Processing alert | technique=UNKNOWN | host=DC01.lab.local | user=DC01$
2026-04-07 17:25:08 | orchestrator | INFO | Processing alert | technique=UNKNOWN | host=DC01.lab.local | user=DC01$
2026-04-07 17:25:08 | orchestrator | INFO | Processing alert | technique=UNKNOWN | host=DC01.lab.local | user=DC01$
2026-04-07 17:25:08 | orchestrator | INFO | Processing alert | technique=UNKNOWN | host=DC01.lab.local | user=DC01$
2026-04-07 17:25:08 | orchestrator | INFO | Processing alert | technique=UNKNOWN | host=DC01.lab.local | user=DC01$
2026-04-07 17:25:08 | orchestrator | INFO | Processing alert | technique=UNKNOWN | host=DC01.lab.local | user=DC01$
2026-04-07 17:25:08 | orchestrator | INFO | Processing alert | technique=UNKNOWN | host=DC01.lab.local | user=DC01$
2026-04-07 17:25:08 | orchestrator | INFO | Processing alert | technique=UNKNOWN | host=DC01.lab.local | user=DC01$
2026-04-07 17:25:08 | orchestrator | INFO | Processing alert | technique=UNKNOWN | host=DC01.lab.local | user=DC01$
2026-04-07 17:25:08 | orchestrator | INFO | Processing alert | technique=UNKNOWN | host=DC01.lab.local | user=DC01$
2026-04-07 17:25:08 | orchestrator | INFO | Processing alert | technique=UNKNOWN | host=DC01.lab.local | user=DC01$
2026-04-07 17:25:08 | orchestrator | INFO | Processing alert | technique=UNKNOWN | host=DC01.lab.local | user=DC01$
2026-04-07 17:25:08 | orchestrator | INFO | Processing alert | technique=UNKNOWN | host=DC01.lab.local | user=DC01$
2026-04-07 17:25:08 | orchestrator | INFO | Processing alert | technique=UNKNOWN | host=DC01.lab.local | user=DC01$
2026-04-07 17:25:08 | orchestrator | INFO | Processing alert | technique=UNKNOWN | host=DC01.lab.local | user=DC01$
2026-04-07 17:25:08 | orchestrator | INFO | Processing alert | technique=UNKNOWN | host=DC01.lab.local | user=DC01$
2026-04-07 17:25:08 | orchestrator | INFO | Processing alert | technique=T1003.006 | host=DC01.lab.local | user=DC01$
2026-04-07 17:25:08 | dcsync_response | WARNING | DCSYNC DETECTED | user=DC01$ | host=DC01.lab.local
2026-04-07 17:25:15 | dcsync_response | INFO | Reset krbtgt password | RC=255
2026-04-07 17:25:15 | orchestrator | INFO | Response complete | technique=T1003.006 | result={'status': 'success', 'technique': 'T1003.006', 'actions': [{'action': 'reset_krbtgt', 'rc': 255}]}
2026-04-07 17:26:15 | orchestrator | INFO | Processing alert | technique=T1110 | host=DC01.lab.local | user=DC01$
2026-04-07 17:26:15 | orchestrator | INFO | User DC01$ already responded to, skipping
2026-04-07 17:26:15 | orchestrator | INFO | Processing alert | technique=T1110 | host=DC01.lab.local | user=FakeUser
2026-04-07 17:26:15 | brute_force_response | WARNING | BRUTE FORCE DETECTED | user=FakeUser | host=DC01.lab.local | src=-
2026-04-07 17:26:22 | brute_force_response | INFO | Disabled account: FakeUser | RC=255
2026-04-07 17:26:22 | orchestrator | INFO | Response complete | technique=T1110 | result={'status': 'success', 'technique': 'T1110', 'actions': [{'action': 'disable_account', 'target': 'FakeUser', 'rc': 255}]}
2026-04-07 17:26:22 | orchestrator | INFO | Processing alert | technique=T1110 | host=DC01.lab.local | user=DC01$
2026-04-07 17:26:22 | orchestrator | INFO | User DC01$ already responded to, skipping
2026-04-07 17:26:22 | orchestrator | INFO | Processing alert | technique=UNKNOWN | host=DC01.lab.local | user=
2026-04-07 17:26:22 | orchestrator | INFO | Processing alert | technique=UNKNOWN | host=DC01.lab.local | user=
2026-04-07 17:26:22 | orchestrator | INFO | Processing alert | technique=UNKNOWN | host=DC01.lab.local | user=
2026-04-07 17:26:22 | orchestrator | INFO | Processing alert | technique=UNKNOWN | host=DC01.lab.local | user=
2026-04-07 17:26:22 | orchestrator | INFO | Processing alert | technique=UNKNOWN | host=DC01.lab.local | user=DC01$
2026-04-07 17:26:22 | orchestrator | INFO | Processing alert | technique=UNKNOWN | host=DC01.lab.local | user=DC01$
2026-04-07 17:26:22 | orchestrator | INFO | Processing alert | technique=UNKNOWN | host=DC01.lab.local | user=DC01$
2026-04-07 17:26:22 | orchestrator | INFO | Processing alert | technique=UNKNOWN | host=DC01.lab.local | user=DC01$
2026-04-07 17:26:22 | orchestrator | INFO | Processing alert | technique=UNKNOWN | host=DC01.lab.local | user=sshd_1876
2026-04-07 17:26:22 | orchestrator | INFO | Processing alert | technique=UNKNOWN | host=DC01.lab.local | user=DC01$
2026-04-07 17:26:22 | orchestrator | INFO | Processing alert | technique=UNKNOWN | host=DC01.lab.local | user=
2026-04-07 17:26:22 | orchestrator | INFO | Processing alert | technique=UNKNOWN | host=DC01.lab.local | user=
2026-04-07 17:26:22 | orchestrator | INFO | Processing alert | technique=UNKNOWN | host=DC01.lab.local | user=DC01$
2026-04-07 17:26:22 | orchestrator | INFO | Processing alert | technique=UNKNOWN | host=DC01.lab.local | user=DC01$
2026-04-07 17:26:22 | orchestrator | INFO | Processing alert | technique=UNKNOWN | host=DC01.lab.local | user=
2026-04-07 17:26:22 | orchestrator | INFO | Processing alert | technique=UNKNOWN | host=DC01.lab.local | user=sshd_1876
2026-04-07 17:26:22 | orchestrator | INFO | Processing alert | technique=UNKNOWN | host=DC01.lab.local | user=sshd_1876
2026-04-07 17:26:22 | orchestrator | INFO | Processing alert | technique=UNKNOWN | host=DC01.lab.local | user=sshd_1876
2026-04-07 17:26:22 | orchestrator | INFO | Processing alert | technique=UNKNOWN | host=DC01.lab.local | user=DC01$
2026-04-07 17:26:22 | orchestrator | INFO | Processing alert | technique=UNKNOWN | host=DC01.lab.local | user=DC01$
2026-04-07 17:26:22 | orchestrator | INFO | Processing alert | technique=UNKNOWN | host=DC01.lab.local | user=DC01$
2026-04-07 17:26:22 | orchestrator | INFO | Processing alert | technique=UNKNOWN | host=DC01.lab.local | user=DC01$
2026-04-07 17:26:22 | orchestrator | INFO | Processing alert | technique=UNKNOWN | host=DC01.lab.local | user=
2026-04-07 17:28:23 | orchestrator | INFO | Starting orchestrator in polling mode...
2026-04-07 17:29:23 | orchestrator | INFO | Processing alert | technique=T1003.006 | host=DC01.lab.local | user=jsmith
2026-04-07 17:29:23 | dcsync_response | WARNING | DCSYNC DETECTED | user=jsmith | host=DC01.lab.local
2026-04-07 17:29:30 | dcsync_response | INFO | Disabled account: jsmith | RC=255
2026-04-07 17:29:30 | dcsync_response | INFO | Reset krbtgt password | RC=255
2026-04-07 17:29:30 | orchestrator | INFO | Response complete | technique=T1003.006 | result={'status': 'success', 'technique': 'T1003.006', 'actions': [{'action': 'disable_account', 'target': 'jsmith', 'rc': 255}, {'action': 'reset_krbtgt', 'rc': 255}]}
2026-04-07 17:29:30 | orchestrator | INFO | Processing alert | technique=T1003.006 | host=DC01.lab.local | user=jsmith
2026-04-07 17:29:30 | orchestrator | INFO | User jsmith already responded to, skipping
2026-04-07 17:29:30 | orchestrator | INFO | Processing alert | technique=T1003.006 | host=DC01.lab.local | user=jsmith
2026-04-07 17:29:30 | orchestrator | INFO | User jsmith already responded to, skipping
2026-04-07 17:29:30 | orchestrator | INFO | Processing alert | technique=T1003.006 | host=DC01.lab.local | user=jsmith
2026-04-07 17:29:30 | orchestrator | INFO | User jsmith already responded to, skipping
2026-04-07 17:29:30 | orchestrator | INFO | Processing alert | technique=T1003.006 | host=DC01.lab.local | user=jsmith
2026-04-07 17:29:30 | orchestrator | INFO | User jsmith already responded to, skipping
2026-04-07 17:29:30 | orchestrator | INFO | Processing alert | technique=T1003.006 | host=DC01.lab.local | user=jsmith
2026-04-07 17:29:30 | orchestrator | INFO | User jsmith already responded to, skipping
2026-04-07 17:29:30 | orchestrator | INFO | Processing alert | technique=T1003.006 | host=DC01.lab.local | user=jsmith
2026-04-07 17:29:30 | orchestrator | INFO | User jsmith already responded to, skipping
2026-04-07 17:29:30 | orchestrator | INFO | Processing alert | technique=T1003.006 | host=DC01.lab.local | user=jsmith
2026-04-07 17:29:30 | orchestrator | INFO | User jsmith already responded to, skipping
2026-04-07 17:29:30 | orchestrator | INFO | Processing alert | technique=T1003.006 | host=DC01.lab.local | user=jsmith
2026-04-07 17:29:30 | orchestrator | INFO | User jsmith already responded to, skipping
2026-04-07 17:29:30 | orchestrator | INFO | Processing alert | technique=T1003.006 | host=DC01.lab.local | user=jsmith
2026-04-07 17:29:30 | orchestrator | INFO | User jsmith already responded to, skipping
2026-04-07 17:29:30 | orchestrator | INFO | Processing alert | technique=T1003.006 | host=DC01.lab.local | user=jsmith
2026-04-07 17:29:30 | orchestrator | INFO | User jsmith already responded to, skipping
2026-04-07 17:29:30 | orchestrator | INFO | Processing alert | technique=T1003.006 | host=DC01.lab.local | user=jsmith
2026-04-07 17:29:30 | orchestrator | INFO | User jsmith already responded to, skipping
2026-04-07 17:29:30 | orchestrator | INFO | Processing alert | technique=T1003.006 | host=DC01.lab.local | user=jsmith
2026-04-07 17:29:30 | orchestrator | INFO | User jsmith already responded to, skipping
2026-04-07 17:29:30 | orchestrator | INFO | Processing alert | technique=T1003.006 | host=DC01.lab.local | user=jsmith
2026-04-07 17:29:30 | orchestrator | INFO | User jsmith already responded to, skipping
2026-04-07 17:29:30 | orchestrator | INFO | Processing alert | technique=T1003.006 | host=DC01.lab.local | user=jsmith
2026-04-07 17:29:30 | orchestrator | INFO | User jsmith already responded to, skipping
2026-04-07 17:29:30 | orchestrator | INFO | Processing alert | technique=T1003.006 | host=DC01.lab.local | user=jsmith
2026-04-07 17:29:30 | orchestrator | INFO | User jsmith already responded to, skipping
2026-04-07 17:29:30 | orchestrator | INFO | Processing alert | technique=T1003.006 | host=DC01.lab.local | user=jsmith
2026-04-07 17:29:30 | orchestrator | INFO | User jsmith already responded to, skipping
2026-04-07 17:29:30 | orchestrator | INFO | Processing alert | technique=T1003.006 | host=DC01.lab.local | user=jsmith
2026-04-07 17:29:30 | orchestrator | INFO | User jsmith already responded to, skipping
2026-04-07 17:29:30 | orchestrator | INFO | Processing alert | technique=T1003.006 | host=DC01.lab.local | user=jsmith
2026-04-07 17:29:30 | orchestrator | INFO | User jsmith already responded to, skipping
2026-04-07 17:29:30 | orchestrator | INFO | Processing alert | technique=T1003.006 | host=DC01.lab.local | user=jsmith
2026-04-07 17:29:30 | orchestrator | INFO | User jsmith already responded to, skipping
2026-04-07 17:29:30 | orchestrator | INFO | Processing alert | technique=T1003.006 | host=DC01.lab.local | user=jsmith
2026-04-07 17:29:30 | orchestrator | INFO | User jsmith already responded to, skipping
2026-04-07 17:29:30 | orchestrator | INFO | Processing alert | technique=T1003.006 | host=DC01.lab.local | user=jsmith
2026-04-07 17:29:30 | orchestrator | INFO | User jsmith already responded to, skipping
2026-04-07 17:29:30 | orchestrator | INFO | Processing alert | technique=T1003.006 | host=DC01.lab.local | user=jsmith
2026-04-07 17:29:30 | orchestrator | INFO | User jsmith already responded to, skipping
2026-04-07 17:29:30 | orchestrator | INFO | Processing alert | technique=T1003.006 | host=DC01.lab.local | user=jsmith
2026-04-07 17:29:30 | orchestrator | INFO | User jsmith already responded to, skipping
2026-04-07 17:29:30 | orchestrator | INFO | Processing alert | technique=T1003.006 | host=DC01.lab.local | user=jsmith
2026-04-07 17:29:30 | orchestrator | INFO | User jsmith already responded to, skipping
2026-04-07 17:29:30 | orchestrator | INFO | Processing alert | technique=T1003.006 | host=DC01.lab.local | user=jsmith
2026-04-07 17:29:30 | orchestrator | INFO | User jsmith already responded to, skipping
2026-04-07 17:29:30 | orchestrator | INFO | Processing alert | technique=T1003.006 | host=DC01.lab.local | user=jsmith
2026-04-07 17:29:30 | orchestrator | INFO | User jsmith already responded to, skipping
2026-04-07 17:29:30 | orchestrator | INFO | Processing alert | technique=T1003.006 | host=DC01.lab.local | user=jsmith
2026-04-07 17:29:30 | orchestrator | INFO | User jsmith already responded to, skipping
2026-04-07 17:29:30 | orchestrator | INFO | Processing alert | technique=T1003.006 | host=DC01.lab.local | user=jsmith
2026-04-07 17:29:30 | orchestrator | INFO | User jsmith already responded to, skipping
2026-04-07 17:29:30 | orchestrator | INFO | Processing alert | technique=T1003.006 | host=DC01.lab.local | user=jsmith
2026-04-07 17:29:30 | orchestrator | INFO | User jsmith already responded to, skipping
2026-04-07 17:29:30 | orchestrator | INFO | Processing alert | technique=T1550.002 | host=DC01.lab.local | user=jsmith
2026-04-07 17:29:30 | orchestrator | INFO | User jsmith already responded to, skipping
2026-04-07 17:29:30 | orchestrator | INFO | Processing alert | technique=T1550.002 | host=DC01.lab.local | user=jsmith
2026-04-07 17:29:30 | orchestrator | INFO | User jsmith already responded to, skipping
2026-04-07 17:29:30 | orchestrator | INFO | Processing alert | technique=UNKNOWN | host=DC01.lab.local | user=DC01$
2026-04-07 17:29:30 | orchestrator | INFO | Processing alert | technique=UNKNOWN | host=DC01.lab.local | user=DC01$
2026-04-07 17:29:30 | orchestrator | INFO | Processing alert | technique=UNKNOWN | host=DC01.lab.local | user=DC01$
2026-04-07 17:29:30 | orchestrator | INFO | Processing alert | technique=UNKNOWN | host=DC01.lab.local | user=DC01$
2026-04-07 17:29:30 | orchestrator | INFO | Processing alert | technique=UNKNOWN | host=DC01.lab.local | user=DC01$
2026-04-07 17:29:30 | orchestrator | INFO | Processing alert | technique=UNKNOWN | host=DC01.lab.local | user=DC01$
2026-04-07 17:29:30 | orchestrator | INFO | Processing alert | technique=UNKNOWN | host=DC01.lab.local | user=DC01$
2026-04-07 17:29:30 | orchestrator | INFO | Processing alert | technique=UNKNOWN | host=DC01.lab.local | user=DC01$
2026-04-07 17:29:30 | orchestrator | INFO | Processing alert | technique=UNKNOWN | host=DC01.lab.local | user=DC01$
2026-04-07 17:29:30 | orchestrator | INFO | Processing alert | technique=UNKNOWN | host=DC01.lab.local | user=DC01$
2026-04-07 17:29:30 | orchestrator | INFO | Processing alert | technique=UNKNOWN | host=DC01.lab.local | user=DC01$
2026-04-07 17:29:30 | orchestrator | INFO | Processing alert | technique=UNKNOWN | host=DC01.lab.local | user=DC01$
2026-04-07 17:29:30 | orchestrator | INFO | Processing alert | technique=UNKNOWN | host=DC01.lab.local | user=DC01$
2026-04-07 17:29:30 | orchestrator | INFO | Processing alert | technique=UNKNOWN | host=DC01.lab.local | user=DC01$
2026-04-07 17:29:30 | orchestrator | INFO | Processing alert | technique=UNKNOWN | host=DC01.lab.local | user=DC01$
2026-04-07 17:29:30 | orchestrator | INFO | Processing alert | technique=UNKNOWN | host=DC01.lab.local | user=DC01$
2026-04-07 17:29:30 | orchestrator | INFO | Processing alert | technique=UNKNOWN | host=DC01.lab.local | user=DC01$
2026-04-07 17:29:30 | orchestrator | INFO | Processing alert | technique=UNKNOWN | host=DC01.lab.local | user=DC01$
2026-04-07 17:29:30 | orchestrator | INFO | Processing alert | technique=UNKNOWN | host=DC01.lab.local | user=DC01$
2026-04-07 17:29:30 | orchestrator | INFO | Processing alert | technique=UNKNOWN | host=DC01.lab.local | user=DC01$
2026-04-07 17:29:30 | orchestrator | INFO | Processing alert | technique=UNKNOWN | host=DC01.lab.local | user=jsmith
2026-04-07 17:29:30 | orchestrator | INFO | Processing alert | technique=UNKNOWN | host=DC01.lab.local | user=jsmith
2026-04-07 17:29:30 | orchestrator | INFO | Processing alert | technique=UNKNOWN | host=DC01.lab.local | user=jsmith
2026-04-07 17:29:30 | orchestrator | INFO | Processing alert | technique=UNKNOWN | host=DC01.lab.local | user=jsmith
2026-04-07 17:29:30 | orchestrator | INFO | Processing alert | technique=UNKNOWN | host=DC01.lab.local | user=jsmith
2026-04-07 17:29:30 | orchestrator | INFO | Processing alert | technique=UNKNOWN | host=DC01.lab.local | user=jsmith
2026-04-07 17:30:30 | orchestrator | INFO | Processing alert | technique=UNKNOWN | host=DC01.lab.local | user=DC01$
2026-04-07 17:30:30 | orchestrator | INFO | Processing alert | technique=UNKNOWN | host=DC01.lab.local | user=
2026-04-07 17:30:30 | orchestrator | INFO | Processing alert | technique=UNKNOWN | host=DC01.lab.local | user=
2026-04-07 17:32:31 | orchestrator | INFO | Processing alert | technique=UNKNOWN | host=DC01.lab.local | user=
2026-04-07 17:32:31 | orchestrator | INFO | Processing alert | technique=UNKNOWN | host=DC01.lab.local | user=
2026-04-07 17:34:31 | orchestrator | INFO | Processing alert | technique=UNKNOWN | host=DC01.lab.local | user=DC01$
2026-04-07 17:34:31 | orchestrator | INFO | Processing alert | technique=UNKNOWN | host=DC01.lab.local | user=DC01$
2026-04-07 17:34:31 | orchestrator | INFO | Processing alert | technique=UNKNOWN | host=DC01.lab.local | user=DC01$
2026-04-07 17:34:31 | orchestrator | INFO | Processing alert | technique=UNKNOWN | host=DC01.lab.local | user=DC01$
2026-04-07 17:34:31 | orchestrator | INFO | Processing alert | technique=UNKNOWN | host=DC01.lab.local | user=DC01$
2026-04-07 17:34:31 | orchestrator | INFO | Processing alert | technique=UNKNOWN | host=DC01.lab.local | user=DC01$
2026-04-07 17:34:31 | orchestrator | INFO | Processing alert | technique=UNKNOWN | host=DC01.lab.local | user=DC01$
2026-04-07 17:34:31 | orchestrator | INFO | Processing alert | technique=UNKNOWN | host=DC01.lab.local | user=DC01$
2026-04-07 17:34:31 | orchestrator | INFO | Processing alert | technique=UNKNOWN | host=DC01.lab.local | user=DC01$
2026-04-07 17:34:31 | orchestrator | INFO | Processing alert | technique=UNKNOWN | host=DC01.lab.local | user=DC01$
2026-04-07 17:34:31 | orchestrator | INFO | Processing alert | technique=UNKNOWN | host=DC01.lab.local | user=DC01$
2026-04-07 17:34:31 | orchestrator | INFO | Processing alert | technique=UNKNOWN | host=DC01.lab.local | user=DC01$
2026-04-07 17:34:31 | orchestrator | INFO | Processing alert | technique=UNKNOWN | host=DC01.lab.local | user=DC01$
2026-04-07 17:34:31 | orchestrator | INFO | Processing alert | technique=UNKNOWN | host=DC01.lab.local | user=DC01$
2026-04-07 17:34:31 | orchestrator | INFO | Processing alert | technique=UNKNOWN | host=DC01.lab.local | user=DC01$
2026-04-07 17:34:31 | orchestrator | INFO | Processing alert | technique=UNKNOWN | host=DC01.lab.local | user=DC01$
2026-04-07 17:34:31 | orchestrator | INFO | Processing alert | technique=UNKNOWN | host=DC01.lab.local | user=DC01$
2026-04-07 17:34:31 | orchestrator | INFO | Processing alert | technique=UNKNOWN | host=DC01.lab.local | user=DC01$
2026-04-07 17:34:31 | orchestrator | INFO | Processing alert | technique=UNKNOWN | host=DC01.lab.local | user=DC01$
2026-04-07 17:34:31 | orchestrator | INFO | Processing alert | technique=UNKNOWN | host=DC01.lab.local | user=DC01$
2026-04-07 17:37:41 | orchestrator | INFO | Starting orchestrator in polling mode...
2026-04-07 17:38:41 | orchestrator | INFO | Processing alert | technique=T1003.006 | host=DC01.lab.local | user=jsmith
2026-04-07 17:38:41 | dcsync_response | WARNING | DCSYNC DETECTED | user=jsmith | host=DC01.lab.local
2026-04-07 17:38:49 | dcsync_response | INFO | Disabled account: jsmith | RC=255
2026-04-07 17:38:49 | dcsync_response | INFO | Reset krbtgt password | RC=255
2026-04-07 17:38:49 | orchestrator | INFO | Response complete | technique=T1003.006 | result={'status': 'success', 'technique': 'T1003.006', 'actions': [{'action': 'disable_account', 'target': 'jsmith', 'rc': 255}, {'action': 'reset_krbtgt', 'rc': 255}]}
2026-04-07 17:38:49 | orchestrator | INFO | Processing alert | technique=T1003.006 | host=DC01.lab.local | user=jsmith
2026-04-07 17:38:49 | orchestrator | INFO | User jsmith already responded to, skipping
2026-04-07 17:38:49 | orchestrator | INFO | Processing alert | technique=T1003.006 | host=DC01.lab.local | user=jsmith
2026-04-07 17:38:49 | orchestrator | INFO | User jsmith already responded to, skipping
2026-04-07 17:38:49 | orchestrator | INFO | Processing alert | technique=T1003.006 | host=DC01.lab.local | user=jsmith
2026-04-07 17:38:49 | orchestrator | INFO | User jsmith already responded to, skipping
2026-04-07 17:38:49 | orchestrator | INFO | Processing alert | technique=T1003.006 | host=DC01.lab.local | user=jsmith
2026-04-07 17:38:49 | orchestrator | INFO | User jsmith already responded to, skipping
2026-04-07 17:38:49 | orchestrator | INFO | Processing alert | technique=T1003.006 | host=DC01.lab.local | user=jsmith
2026-04-07 17:38:49 | orchestrator | INFO | User jsmith already responded to, skipping
2026-04-07 17:38:49 | orchestrator | INFO | Processing alert | technique=T1003.006 | host=DC01.lab.local | user=jsmith
2026-04-07 17:38:49 | orchestrator | INFO | User jsmith already responded to, skipping
2026-04-07 17:38:49 | orchestrator | INFO | Processing alert | technique=T1003.006 | host=DC01.lab.local | user=jsmith
2026-04-07 17:38:49 | orchestrator | INFO | User jsmith already responded to, skipping
2026-04-07 17:38:49 | orchestrator | INFO | Processing alert | technique=T1003.006 | host=DC01.lab.local | user=jsmith
2026-04-07 17:38:49 | orchestrator | INFO | User jsmith already responded to, skipping
2026-04-07 17:38:49 | orchestrator | INFO | Processing alert | technique=T1003.006 | host=DC01.lab.local | user=jsmith
2026-04-07 17:38:49 | orchestrator | INFO | User jsmith already responded to, skipping
2026-04-07 17:38:49 | orchestrator | INFO | Processing alert | technique=T1003.006 | host=DC01.lab.local | user=jsmith
2026-04-07 17:38:49 | orchestrator | INFO | User jsmith already responded to, skipping
2026-04-07 17:38:49 | orchestrator | INFO | Processing alert | technique=T1003.006 | host=DC01.lab.local | user=jsmith
2026-04-07 17:38:49 | orchestrator | INFO | User jsmith already responded to, skipping
2026-04-07 17:38:49 | orchestrator | INFO | Processing alert | technique=T1003.006 | host=DC01.lab.local | user=jsmith
2026-04-07 17:38:49 | orchestrator | INFO | User jsmith already responded to, skipping
2026-04-07 17:38:49 | orchestrator | INFO | Processing alert | technique=T1003.006 | host=DC01.lab.local | user=jsmith
2026-04-07 17:38:49 | orchestrator | INFO | User jsmith already responded to, skipping
2026-04-07 17:38:49 | orchestrator | INFO | Processing alert | technique=T1003.006 | host=DC01.lab.local | user=jsmith
2026-04-07 17:38:49 | orchestrator | INFO | User jsmith already responded to, skipping
2026-04-07 17:38:49 | orchestrator | INFO | Processing alert | technique=T1003.006 | host=DC01.lab.local | user=jsmith
2026-04-07 17:38:49 | orchestrator | INFO | User jsmith already responded to, skipping
2026-04-07 17:38:49 | orchestrator | INFO | Processing alert | technique=T1003.006 | host=DC01.lab.local | user=jsmith
2026-04-07 17:38:49 | orchestrator | INFO | User jsmith already responded to, skipping
2026-04-07 17:38:49 | orchestrator | INFO | Processing alert | technique=T1003.006 | host=DC01.lab.local | user=jsmith
2026-04-07 17:38:49 | orchestrator | INFO | User jsmith already responded to, skipping
2026-04-07 17:38:49 | orchestrator | INFO | Processing alert | technique=T1003.006 | host=DC01.lab.local | user=jsmith
2026-04-07 17:38:49 | orchestrator | INFO | User jsmith already responded to, skipping
2026-04-07 17:38:49 | orchestrator | INFO | Processing alert | technique=T1003.006 | host=DC01.lab.local | user=jsmith
2026-04-07 17:38:49 | orchestrator | INFO | User jsmith already responded to, skipping
2026-04-07 17:38:49 | orchestrator | INFO | Processing alert | technique=T1003.006 | host=DC01.lab.local | user=jsmith
2026-04-07 17:38:49 | orchestrator | INFO | User jsmith already responded to, skipping
2026-04-07 17:38:49 | orchestrator | INFO | Processing alert | technique=T1003.006 | host=DC01.lab.local | user=jsmith
2026-04-07 17:38:49 | orchestrator | INFO | User jsmith already responded to, skipping
2026-04-07 17:38:49 | orchestrator | INFO | Processing alert | technique=T1003.006 | host=DC01.lab.local | user=jsmith
2026-04-07 17:38:49 | orchestrator | INFO | User jsmith already responded to, skipping
2026-04-07 17:38:49 | orchestrator | INFO | Processing alert | technique=T1003.006 | host=DC01.lab.local | user=jsmith
2026-04-07 17:38:49 | orchestrator | INFO | User jsmith already responded to, skipping
2026-04-07 17:38:49 | orchestrator | INFO | Processing alert | technique=T1003.006 | host=DC01.lab.local | user=jsmith
2026-04-07 17:38:49 | orchestrator | INFO | User jsmith already responded to, skipping
2026-04-07 17:38:49 | orchestrator | INFO | Processing alert | technique=T1003.006 | host=DC01.lab.local | user=jsmith
2026-04-07 17:38:49 | orchestrator | INFO | User jsmith already responded to, skipping
2026-04-07 17:38:49 | orchestrator | INFO | Processing alert | technique=T1003.006 | host=DC01.lab.local | user=jsmith
2026-04-07 17:38:49 | orchestrator | INFO | User jsmith already responded to, skipping
2026-04-07 17:38:49 | orchestrator | INFO | Processing alert | technique=T1003.006 | host=DC01.lab.local | user=jsmith
2026-04-07 17:38:49 | orchestrator | INFO | User jsmith already responded to, skipping
2026-04-07 17:38:49 | orchestrator | INFO | Processing alert | technique=T1003.006 | host=DC01.lab.local | user=jsmith
2026-04-07 17:38:49 | orchestrator | INFO | User jsmith already responded to, skipping
2026-04-07 17:38:49 | orchestrator | INFO | Processing alert | technique=T1003.006 | host=DC01.lab.local | user=jsmith
2026-04-07 17:38:49 | orchestrator | INFO | User jsmith already responded to, skipping
2026-04-07 17:38:49 | orchestrator | INFO | Processing alert | technique=T1550.002 | host=DC01.lab.local | user=jsmith
2026-04-07 17:38:49 | orchestrator | INFO | User jsmith already responded to, skipping
2026-04-07 17:38:49 | orchestrator | INFO | Processing alert | technique=T1550.002 | host=DC01.lab.local | user=jsmith
2026-04-07 17:38:49 | orchestrator | INFO | User jsmith already responded to, skipping
2026-04-07 17:52:23 | orchestrator | INFO | Starting orchestrator in polling mode...
2026-04-07 17:53:23 | orchestrator | INFO | Processing alert | technique=T1003.006 | host=DC01.lab.local | user=jsmith
2026-04-07 17:53:23 | dcsync_response | WARNING | DCSYNC DETECTED | user=jsmith | host=DC01.lab.local
2026-04-07 17:53:30 | dcsync_response | INFO | Disabled account: jsmith | RC=255
2026-04-07 17:53:30 | dcsync_response | INFO | Forced password reset: jsmith | RC=255
2026-04-07 17:53:30 | dcsync_response | WARNING | MANUAL ACTION REQUIRED: Reset krbtgt password to invalidate all Kerberos tickets
2026-04-07 17:53:30 | orchestrator | INFO | Response complete | technique=T1003.006 | result={'status': 'success', 'technique': 'T1003.006', 'actions': [{'action': 'disable_account', 'target': 'jsmith', 'rc': 255}, {'action': 'force_password_reset', 'target': 'jsmith', 'rc': 255}, {'action': 'manual_krbtgt_reset_required', 'target': 'krbtgt', 'rc': -1}]}
2026-04-07 17:53:30 | orchestrator | INFO | Processing alert | technique=T1003.006 | host=DC01.lab.local | user=jsmith
2026-04-07 17:53:30 | orchestrator | DEBUG | User jsmith already responded to, skipping
2026-04-07 17:53:30 | orchestrator | INFO | Processing alert | technique=T1003.006 | host=DC01.lab.local | user=jsmith
2026-04-07 17:53:30 | orchestrator | DEBUG | User jsmith already responded to, skipping
2026-04-07 17:53:30 | orchestrator | INFO | Processing alert | technique=T1003.006 | host=DC01.lab.local | user=jsmith
2026-04-07 17:53:30 | orchestrator | DEBUG | User jsmith already responded to, skipping
2026-04-07 17:53:30 | orchestrator | INFO | Processing alert | technique=T1003.006 | host=DC01.lab.local | user=jsmith
2026-04-07 17:53:30 | orchestrator | DEBUG | User jsmith already responded to, skipping
2026-04-07 17:53:30 | orchestrator | INFO | Processing alert | technique=T1003.006 | host=DC01.lab.local | user=jsmith
2026-04-07 17:53:30 | orchestrator | DEBUG | User jsmith already responded to, skipping
2026-04-07 17:53:30 | orchestrator | INFO | Processing alert | technique=T1003.006 | host=DC01.lab.local | user=jsmith
2026-04-07 17:53:30 | orchestrator | DEBUG | User jsmith already responded to, skipping
2026-04-07 17:53:30 | orchestrator | INFO | Processing alert | technique=T1003.006 | host=DC01.lab.local | user=jsmith
2026-04-07 17:53:30 | orchestrator | DEBUG | User jsmith already responded to, skipping
2026-04-07 17:53:30 | orchestrator | INFO | Processing alert | technique=T1003.006 | host=DC01.lab.local | user=jsmith
2026-04-07 17:53:30 | orchestrator | DEBUG | User jsmith already responded to, skipping
2026-04-07 17:53:30 | orchestrator | INFO | Processing alert | technique=T1003.006 | host=DC01.lab.local | user=jsmith
2026-04-07 17:53:30 | orchestrator | DEBUG | User jsmith already responded to, skipping
2026-04-07 17:53:30 | orchestrator | INFO | Processing alert | technique=T1003.006 | host=DC01.lab.local | user=jsmith
2026-04-07 17:53:30 | orchestrator | DEBUG | User jsmith already responded to, skipping
2026-04-07 17:53:30 | orchestrator | INFO | Processing alert | technique=T1003.006 | host=DC01.lab.local | user=jsmith
2026-04-07 17:53:30 | orchestrator | DEBUG | User jsmith already responded to, skipping
2026-04-07 17:53:30 | orchestrator | INFO | Processing alert | technique=T1003.006 | host=DC01.lab.local | user=jsmith
2026-04-07 17:53:30 | orchestrator | DEBUG | User jsmith already responded to, skipping
2026-04-07 17:53:30 | orchestrator | INFO | Processing alert | technique=T1003.006 | host=DC01.lab.local | user=jsmith
2026-04-07 17:53:30 | orchestrator | DEBUG | User jsmith already responded to, skipping
2026-04-07 17:53:30 | orchestrator | INFO | Processing alert | technique=T1003.006 | host=DC01.lab.local | user=jsmith
2026-04-07 17:53:30 | orchestrator | DEBUG | User jsmith already responded to, skipping
2026-04-07 17:53:30 | orchestrator | INFO | Processing alert | technique=T1003.006 | host=DC01.lab.local | user=jsmith
2026-04-07 17:53:30 | orchestrator | DEBUG | User jsmith already responded to, skipping
2026-04-07 17:53:30 | orchestrator | INFO | Processing alert | technique=T1003.006 | host=DC01.lab.local | user=jsmith
2026-04-07 17:53:30 | orchestrator | DEBUG | User jsmith already responded to, skipping
2026-04-07 17:53:30 | orchestrator | INFO | Processing alert | technique=T1003.006 | host=DC01.lab.local | user=jsmith
2026-04-07 17:53:30 | orchestrator | DEBUG | User jsmith already responded to, skipping
2026-04-07 17:53:30 | orchestrator | INFO | Processing alert | technique=T1003.006 | host=DC01.lab.local | user=jsmith
2026-04-07 17:53:30 | orchestrator | DEBUG | User jsmith already responded to, skipping
2026-04-07 17:53:30 | orchestrator | INFO | Processing alert | technique=T1003.006 | host=DC01.lab.local | user=jsmith
2026-04-07 17:53:30 | orchestrator | DEBUG | User jsmith already responded to, skipping
2026-04-07 17:53:30 | orchestrator | INFO | Processing alert | technique=T1003.006 | host=DC01.lab.local | user=jsmith
2026-04-07 17:53:30 | orchestrator | DEBUG | User jsmith already responded to, skipping
2026-04-07 17:53:30 | orchestrator | INFO | Processing alert | technique=T1003.006 | host=DC01.lab.local | user=jsmith
2026-04-07 17:53:30 | orchestrator | DEBUG | User jsmith already responded to, skipping
2026-04-07 17:53:30 | orchestrator | INFO | Processing alert | technique=T1003.006 | host=DC01.lab.local | user=jsmith
2026-04-07 17:53:30 | orchestrator | DEBUG | User jsmith already responded to, skipping
2026-04-07 17:53:30 | orchestrator | INFO | Processing alert | technique=T1003.006 | host=DC01.lab.local | user=jsmith
2026-04-07 17:53:30 | orchestrator | DEBUG | User jsmith already responded to, skipping
2026-04-07 17:53:30 | orchestrator | INFO | Processing alert | technique=T1003.006 | host=DC01.lab.local | user=jsmith
2026-04-07 17:53:30 | orchestrator | DEBUG | User jsmith already responded to, skipping
2026-04-07 17:53:30 | orchestrator | INFO | Processing alert | technique=T1003.006 | host=DC01.lab.local | user=jsmith
2026-04-07 17:53:30 | orchestrator | DEBUG | User jsmith already responded to, skipping
2026-04-07 17:53:30 | orchestrator | INFO | Processing alert | technique=T1003.006 | host=DC01.lab.local | user=jsmith
2026-04-07 17:53:30 | orchestrator | DEBUG | User jsmith already responded to, skipping
2026-04-07 17:53:30 | orchestrator | INFO | Processing alert | technique=T1003.006 | host=DC01.lab.local | user=jsmith
2026-04-07 17:53:30 | orchestrator | DEBUG | User jsmith already responded to, skipping
2026-04-07 17:53:30 | orchestrator | INFO | Processing alert | technique=T1003.006 | host=DC01.lab.local | user=jsmith
2026-04-07 17:53:30 | orchestrator | DEBUG | User jsmith already responded to, skipping
2026-04-07 17:53:30 | orchestrator | INFO | Processing alert | technique=T1003.006 | host=DC01.lab.local | user=jsmith
2026-04-07 17:53:30 | orchestrator | DEBUG | User jsmith already responded to, skipping
